// Jest Snapshot v1, https://goo.gl/fbAQLP

exports[`icon should  1`] = `
<svg
  className="lui-icon"
>
  <use
    xlinkHref="#wechat"
  />
</svg>
`;
